!_TAG_FILE_SORTED	1	/0=unsorted, 1=sorted/
AnotherTest	source.sh	/^AnotherTest () {}$/;"	
EOF	source.sh	/^cat > test.sh << EOF$/;"	
Test	source.sh	/^function Test () {}$/;"	
ll=	source.sh	/^alias ll="ls -lh"$/;"	
