!_TAG_FILE_SORTED	1	/0=unsorted, 1=sorted/
Bar	source.scala	/^object Bar {$/;"	
Foo	source.scala	/^class Foo(a: String) {$/;"	
Person	source.scala	/^case class Person(first_name: String, last_name: String)$/;"	
Trait	source.scala	/^trait Trait {$/;"	
a	source.scala	/^val a: Double = 1.0$/;"	
a	source.scala	/^class Foo(a: String) {$/;"	
add	source.scala	/^def add(x: Int, y: Int): Int = {$/;"	
add2	source.scala	/^def add2(x: Int, y: Int = 2) = x + y$/;"	
add3	source.scala	/^def add3(x: Int): Int = {$/;"	
anonFunc	source.scala	/^  val anonFunc: Int => Int = { z =>$/;"	
b	source.scala	/^  var b: String = a$/;"	
baz	source.scala	/^  def baz = 1$/;"	
c	source.scala	/^  private def c = "see"$/;"	
first_name	source.scala	/^case class Person(first_name: String, last_name: String)$/;"	
last_name	source.scala	/^case class Person(first_name: String, last_name: String)$/;"	
x	source.scala	/^val x = 10$/;"	
y2	source.scala	/^  val y2 = x + y$/;"	

