!_TAG_FILE_SORTED	1	/0=unsorted, 1=sorted/
AnotherEnumEntity	source.cs	/^			AnotherEnumEntity,$/;"	
DelegateTest	source.cs	/^		public delegate int DelegateTest();$/;"	
Enum	source.cs	/^		public enum Enum {$/;"	
EnumEntity	source.cs	/^			EnumEntity,$/;"	
Foo	source.cs	/^		public static void Foo() {}$/;"	
Foo	source.cs	/^			void Foo();$/;"	
Function	source.cs	/^public void Function() {}$/;"	
IInterface	source.cs	/^		interface IInterface {$/;"	
IntMember	source.cs	/^		public static int IntMember { get; set; }$/;"	
Record	source.cs	/^		public record Record(string: Foo)$/;"	
TestClass	source.cs	/^	public class TestClass {$/;"	
TestClass	source.cs	/^		TestClass() {}$/;"	
TestEvent	source.cs	/^		public static event DelegateTest TestEvent;$/;"	
Tests	source.cs	/^namespace Tests {$/;"	
Tests.Qualified	source.cs	/^namespace Tests.Qualified {}$/;"	
count	source.cs	/^		public static int count = 0;$/;"	
